2026-08-12T17:20:09.6037670Z Current runner version: '2.336.0'
2026-08-12T17:20:09.6057593Z ##[group]Runner Image Provisioner
2026-08-12T17:20:09.6058303Z Hosted Compute Agent
2026-08-12T17:20:09.6058753Z Version: 20260707.563
2026-08-12T17:20:09.6059320Z Commit: 02667638d2b423fbc733a8e32a88b44996a3ba6e
2026-08-12T17:20:09.6059922Z Build Date: 2026-07-07T19:33:50Z
2026-08-12T17:20:09.6060488Z Worker ID: {a203fca5-9a15-44a1-889a-06584f2c35d3}
2026-08-12T17:20:09.6061259Z Azure Region: westcentralus
2026-08-12T17:20:09.6061742Z ##[endgroup]
2026-08-12T17:20:09.6062873Z ##[group]Operating System
2026-08-12T17:20:09.6063367Z Ubuntu
2026-08-12T17:20:09.6063794Z 24.04.4
2026-08-12T17:20:09.6064298Z LTS
2026-08-12T17:20:09.6064741Z ##[endgroup]
2026-08-12T17:20:09.6065200Z ##[group]Runner Image
2026-08-12T17:20:09.6065690Z Image: ubuntu-24.04
2026-08-12T17:20:09.6066137Z Version: 20260720.247.2
2026-08-12T17:20:09.6067201Z Included Software: https://github.com/actions/runner-images/blob/ubuntu24/20260720.247/images/ubuntu/Ubuntu2404-Readme.md
2026-08-12T17:20:09.6068394Z Image Release: https://github.com/actions/runner-images/releases/tag/ubuntu24%2F20260720.247
2026-08-12T17:20:09.6069161Z ##[endgroup]
2026-08-12T17:20:09.6070076Z ##[group]GITHUB_TOKEN Permissions
2026-08-12T17:20:09.6071945Z Contents: read
2026-08-12T17:20:09.6072430Z Metadata: read
2026-08-12T17:20:09.6072962Z Packages: read
2026-08-12T17:20:09.6073408Z ##[endgroup]
2026-08-12T17:20:09.6074997Z Secret source: Actions
2026-08-12T17:20:09.6076195Z Prepare workflow directory
2026-08-12T17:20:09.6327819Z Prepare all required actions
2026-08-12T17:20:09.6365819Z Getting action download info
2026-08-12T17:20:09.9244703Z Download action repository 'actions/checkout@v3' (SHA:a37ce9120846195fa4ece8f58b268e6043cb2f26)
2026-08-12T17:20:10.5161772Z Download action repository 'pnpm/action-setup@v2' (SHA:eae0cfeb286e66ffb5155f1a79b90583a127a68b)
2026-08-12T17:20:11.4708477Z Download action repository 'actions/setup-node@v3' (SHA:3235b876344d2a9aa001b8d1453c930bba69e610)
2026-08-12T17:20:11.6863771Z Complete job name: build-and-test
2026-08-12T17:20:11.7597474Z Node 20 is being deprecated. This workflow is running with Node 24 by default. If you need to temporarily use Node 20, you can set the ACTIONS_ALLOW_USE_UNSECURE_NODE_VERSION=true environment variable. For more information see: https://github.blog/changelog/2025-09-19-deprecation-of-node-20-on-github-actions-runners/
2026-08-12T17:20:11.7606250Z ##[group]Run actions/checkout@v3
2026-08-12T17:20:11.7607175Z with:
2026-08-12T17:20:11.7607852Z   repository: vijayissupercool-dotcom/iva
2026-08-12T17:20:11.7615098Z   token: ***
2026-08-12T17:20:11.7615729Z   ssh-strict: true
2026-08-12T17:20:11.7616407Z   persist-credentials: true
2026-08-12T17:20:11.7617134Z   clean: true
2026-08-12T17:20:11.7617781Z   sparse-checkout-cone-mode: true
2026-08-12T17:20:11.7618557Z   fetch-depth: 1
2026-08-12T17:20:11.7619204Z   fetch-tags: false
2026-08-12T17:20:11.7619847Z   lfs: false
2026-08-12T17:20:11.7620463Z   submodules: false
2026-08-12T17:20:11.7621252Z   set-safe-directory: true
2026-08-12T17:20:11.7622051Z   allow-unsafe-pr-checkout: false
2026-08-12T17:20:11.7623097Z ##[endgroup]
2026-08-12T17:20:11.8290864Z (node:2045) [DEP0040] DeprecationWarning: The `punycode` module is deprecated. Please use a userland alternative instead.
2026-08-12T17:20:11.8292847Z (Use `node --trace-deprecation ...` to show where the warning was created)
2026-08-12T17:20:11.8364918Z Syncing repository: vijayissupercool-dotcom/iva
2026-08-12T17:20:11.8367002Z ##[group]Getting Git version info
2026-08-12T17:20:11.8367910Z Working directory is '/home/runner/work/iva/iva'
2026-08-12T17:20:11.8369283Z [command]/usr/bin/git version
2026-08-12T17:20:11.8381937Z git version 2.54.0
2026-08-12T17:20:11.8397514Z ##[endgroup]
2026-08-12T17:20:11.8407675Z Temporarily overriding HOME='/home/runner/work/_temp/7e8e1520-11fe-455b-86e1-6056d03a37ef' before making global git config changes
2026-08-12T17:20:11.8410230Z Adding repository directory to the temporary git global config as a safe directory
2026-08-12T17:20:11.8412221Z [command]/usr/bin/git config --global --add safe.directory /home/runner/work/iva/iva
2026-08-12T17:20:11.8436287Z Deleting the contents of '/home/runner/work/iva/iva'
2026-08-12T17:20:11.8439553Z ##[group]Initializing the repository
2026-08-12T17:20:11.8442220Z [command]/usr/bin/git init /home/runner/work/iva/iva
2026-08-12T17:20:11.8501138Z hint: Using 'master' as the name for the initial branch. This default branch name
2026-08-12T17:20:11.8503217Z hint: will change to "main" in Git 3.0. To configure the initial branch name
2026-08-12T17:20:11.8505164Z hint: to use in all of your new repositories, which will suppress this warning,
2026-08-12T17:20:11.8506406Z hint: call:
2026-08-12T17:20:11.8507213Z hint:
2026-08-12T17:20:11.8508019Z hint: 	git config --global init.defaultBranch <name>
2026-08-12T17:20:11.8509033Z hint:
2026-08-12T17:20:11.8509897Z hint: Names commonly chosen instead of 'master' are 'main', 'trunk' and
2026-08-12T17:20:11.8511758Z hint: 'development'. The just-created branch can be renamed via this command:
2026-08-12T17:20:11.8513079Z hint:
2026-08-12T17:20:11.8513693Z hint: 	git branch -m <name>
2026-08-12T17:20:11.8514393Z hint:
2026-08-12T17:20:11.8515317Z hint: Disable this message with "git config set advice.defaultBranchName false"
2026-08-12T17:20:11.8516762Z Initialized empty Git repository in /home/runner/work/iva/iva/.git/
2026-08-12T17:20:11.8519285Z [command]/usr/bin/git remote add origin https://github.com/vijayissupercool-dotcom/iva
2026-08-12T17:20:11.8538608Z ##[endgroup]
2026-08-12T17:20:11.8540263Z ##[group]Disabling automatic garbage collection
2026-08-12T17:20:11.8542011Z [command]/usr/bin/git config --local gc.auto 0
2026-08-12T17:20:11.8560915Z ##[endgroup]
2026-08-12T17:20:11.8562532Z ##[group]Setting up auth
2026-08-12T17:20:11.8565041Z [command]/usr/bin/git config --local --name-only --get-regexp core\.sshCommand
2026-08-12T17:20:11.8591208Z [command]/usr/bin/git submodule foreach --recursive sh -c "git config --local --name-only --get-regexp 'core\.sshCommand' && git config --local --unset-all 'core.sshCommand' || :"
2026-08-12T17:20:11.8833899Z [command]/usr/bin/git config --local --name-only --get-regexp http\.https\:\/\/github\.com\/\.extraheader
2026-08-12T17:20:11.8860252Z [command]/usr/bin/git submodule foreach --recursive sh -c "git config --local --name-only --get-regexp 'http\.https\:\/\/github\.com\/\.extraheader' && git config --local --unset-all 'http.https://github.com/.extraheader' || :"
2026-08-12T17:20:11.9043195Z [command]/usr/bin/git config --local http.https://github.com/.extraheader AUTHORIZATION: basic ***
2026-08-12T17:20:11.9071345Z ##[endgroup]
2026-08-12T17:20:11.9072953Z ##[group]Fetching the repository
2026-08-12T17:20:11.9079315Z [command]/usr/bin/git -c protocol.version=2 fetch --no-tags --prune --progress --no-recurse-submodules --depth=1 origin +e9ab84f3fc7f97ec665bf19edd8874fef616f592:refs/remotes/origin/main
2026-08-12T17:20:12.2997435Z remote: Enumerating objects: 154, done.        
2026-08-12T17:20:12.2998053Z remote: Counting objects:   0% (1/154)        
2026-08-12T17:20:12.2998553Z remote: Counting objects:   1% (2/154)        
2026-08-12T17:20:12.2999071Z remote: Counting objects:   2% (4/154)        
2026-08-12T17:20:12.2999558Z remote: Counting objects:   3% (5/154)        
2026-08-12T17:20:12.3000008Z remote: Counting objects:   4% (7/154)        
2026-08-12T17:20:12.3000465Z remote: Counting objects:   5% (8/154)        
2026-08-12T17:20:12.3001127Z remote: Counting objects:   6% (10/154)        
2026-08-12T17:20:12.3001523Z remote: Counting objects:   7% (11/154)        
2026-08-12T17:20:12.3001883Z remote: Counting objects:   8% (13/154)        
2026-08-12T17:20:12.3002253Z remote: Counting objects:   9% (14/154)        
2026-08-12T17:20:12.3002599Z remote: Counting objects:  10% (16/154)        
2026-08-12T17:20:12.3002949Z remote: Counting objects:  11% (17/154)        
2026-08-12T17:20:12.3003331Z remote: Counting objects:  12% (19/154)        
2026-08-12T17:20:12.3003757Z remote: Counting objects:  13% (21/154)        
2026-08-12T17:20:12.3004418Z remote: Counting objects:  14% (22/154)        
2026-08-12T17:20:12.3004774Z remote: Counting objects:  15% (24/154)        
2026-08-12T17:20:12.3005120Z remote: Counting objects:  16% (25/154)        
2026-08-12T17:20:12.3005461Z remote: Counting objects:  17% (27/154)        
2026-08-12T17:20:12.3005804Z remote: Counting objects:  18% (28/154)        
2026-08-12T17:20:12.3006146Z remote: Counting objects:  19% (30/154)        
2026-08-12T17:20:12.3006495Z remote: Counting objects:  20% (31/154)        
2026-08-12T17:20:12.3007106Z remote: Counting objects:  21% (33/154)        
2026-08-12T17:20:12.3007555Z remote: Counting objects:  22% (34/154)        
2026-08-12T17:20:12.3007991Z remote: Counting objects:  23% (36/154)        
2026-08-12T17:20:12.3008502Z remote: Counting objects:  24% (37/154)        
2026-08-12T17:20:12.3008997Z remote: Counting objects:  25% (39/154)        
2026-08-12T17:20:12.3009475Z remote: Counting objects:  26% (41/154)        
2026-08-12T17:20:12.3009967Z remote: Counting objects:  27% (42/154)        
2026-08-12T17:20:12.3011014Z remote: Counting objects:  28% (44/154)        
2026-08-12T17:20:12.3011656Z remote: Counting objects:  29% (45/154)        
2026-08-12T17:20:12.3012216Z remote: Counting objects:  30% (47/154)        
2026-08-12T17:20:12.3012708Z remote: Counting objects:  31% (48/154)        
2026-08-12T17:20:12.3013242Z remote: Counting objects:  32% (50/154)        
2026-08-12T17:20:12.3013571Z remote: Counting objects:  33% (51/154)        
2026-08-12T17:20:12.3013905Z remote: Counting objects:  34% (53/154)        
2026-08-12T17:20:12.3014285Z remote: Counting objects:  35% (54/154)        
2026-08-12T17:20:12.3014606Z remote: Counting objects:  36% (56/154)        
2026-08-12T17:20:12.3014955Z remote: Counting objects:  37% (57/154)        
2026-08-12T17:20:12.3015300Z remote: Counting objects:  38% (59/154)        
2026-08-12T17:20:12.3015674Z remote: Counting objects:  39% (61/154)        
2026-08-12T17:20:12.3016233Z remote: Counting objects:  40% (62/154)        
2026-08-12T17:20:12.3016562Z remote: Counting objects:  41% (64/154)        
2026-08-12T17:20:12.3016868Z remote: Counting objects:  42% (65/154)        
2026-08-12T17:20:12.3017253Z remote: Counting objects:  43% (67/154)        
2026-08-12T17:20:12.3017617Z remote: Counting objects:  44% (68/154)        
2026-08-12T17:20:12.3017962Z remote: Counting objects:  45% (70/154)        
2026-08-12T17:20:12.3018302Z remote: Counting objects:  46% (71/154)        
2026-08-12T17:20:12.3018621Z remote: Counting objects:  47% (73/154)        
2026-08-12T17:20:12.3018984Z remote: Counting objects:  48% (74/154)        
2026-08-12T17:20:12.3019339Z remote: Counting objects:  49% (76/154)        
2026-08-12T17:20:12.3019647Z remote: Counting objects:  50% (77/154)        
2026-08-12T17:20:12.3020027Z remote: Counting objects:  51% (79/154)        
2026-08-12T17:20:12.3020349Z remote: Counting objects:  52% (81/154)        
2026-08-12T17:20:12.3020687Z remote: Counting objects:  53% (82/154)        
2026-08-12T17:20:12.3021228Z remote: Counting objects:  54% (84/154)        
2026-08-12T17:20:12.3021579Z remote: Counting objects:  55% (85/154)        
2026-08-12T17:20:12.3021946Z remote: Counting objects:  56% (87/154)        
2026-08-12T17:20:12.3022265Z remote: Counting objects:  57% (88/154)        
2026-08-12T17:20:12.3022567Z remote: Counting objects:  58% (90/154)        
2026-08-12T17:20:12.3022939Z remote: Counting objects:  59% (91/154)        
2026-08-12T17:20:12.3023285Z remote: Counting objects:  60% (93/154)        
2026-08-12T17:20:12.3023625Z remote: Counting objects:  61% (94/154)        
2026-08-12T17:20:12.3023962Z remote: Counting objects:  62% (96/154)        
2026-08-12T17:20:12.3024282Z remote: Counting objects:  63% (98/154)        
2026-08-12T17:20:12.3024691Z remote: Counting objects:  64% (99/154)        
2026-08-12T17:20:12.3025053Z remote: Counting objects:  65% (101/154)        
2026-08-12T17:20:12.3025412Z remote: Counting objects:  66% (102/154)        
2026-08-12T17:20:12.3025868Z remote: Counting objects:  67% (104/154)        
2026-08-12T17:20:12.3026194Z remote: Counting objects:  68% (105/154)        
2026-08-12T17:20:12.3026584Z remote: Counting objects:  69% (107/154)        
2026-08-12T17:20:12.3026910Z remote: Counting objects:  70% (108/154)        
2026-08-12T17:20:12.3027214Z remote: Counting objects:  71% (110/154)        
2026-08-12T17:20:12.3027592Z remote: Counting objects:  72% (111/154)        
2026-08-12T17:20:12.3027919Z remote: Counting objects:  73% (113/154)        
2026-08-12T17:20:12.3028273Z remote: Counting objects:  74% (114/154)        
2026-08-12T17:20:12.3028640Z remote: Counting objects:  75% (116/154)        
2026-08-12T17:20:12.3028961Z remote: Counting objects:  76% (118/154)        
2026-08-12T17:20:12.3029323Z remote: Counting objects:  77% (119/154)        
2026-08-12T17:20:12.3029647Z remote: Counting objects:  78% (121/154)        
2026-08-12T17:20:12.3029954Z remote: Counting objects:  79% (122/154)        
2026-08-12T17:20:12.3030375Z remote: Counting objects:  80% (124/154)        
2026-08-12T17:20:12.3030838Z remote: Counting objects:  81% (125/154)        
2026-08-12T17:20:12.3031214Z remote: Counting objects:  82% (127/154)        
2026-08-12T17:20:12.3031559Z remote: Counting objects:  83% (128/154)        
2026-08-12T17:20:12.3031882Z remote: Counting objects:  84% (130/154)        
2026-08-12T17:20:12.3032270Z remote: Counting objects:  85% (131/154)        
2026-08-12T17:20:12.3032594Z remote: Counting objects:  86% (133/154)        
2026-08-12T17:20:12.3032900Z remote: Counting objects:  87% (134/154)        
2026-08-12T17:20:12.3033300Z remote: Counting objects:  88% (136/154)        
2026-08-12T17:20:12.3033639Z remote: Counting objects:  89% (138/154)        
2026-08-12T17:20:12.3034023Z remote: Counting objects:  90% (139/154)        
2026-08-12T17:20:12.3034389Z remote: Counting objects:  91% (141/154)        
2026-08-12T17:20:12.3034741Z remote: Counting objects:  92% (142/154)        
2026-08-12T17:20:12.3035249Z remote: Counting objects:  93% (144/154)        
2026-08-12T17:20:12.3035601Z remote: Counting objects:  94% (145/154)        
2026-08-12T17:20:12.3035962Z remote: Counting objects:  95% (147/154)        
2026-08-12T17:20:12.3036369Z remote: Counting objects:  96% (148/154)        
2026-08-12T17:20:12.3036712Z remote: Counting objects:  97% (150/154)        
2026-08-12T17:20:12.3037081Z remote: Counting objects:  98% (151/154)        
2026-08-12T17:20:12.3037481Z remote: Counting objects:  99% (153/154)        
2026-08-12T17:20:12.3037834Z remote: Counting objects: 100% (154/154)        
2026-08-12T17:20:12.3038258Z remote: Counting objects: 100% (154/154), done.        
2026-08-12T17:20:12.3038639Z remote: Compressing objects:   0% (1/108)        
2026-08-12T17:20:12.3039036Z remote: Compressing objects:   1% (2/108)        
2026-08-12T17:20:12.3039408Z remote: Compressing objects:   2% (3/108)        
2026-08-12T17:20:12.3039786Z remote: Compressing objects:   3% (4/108)        
2026-08-12T17:20:12.3040179Z remote: Compressing objects:   4% (5/108)        
2026-08-12T17:20:12.3040530Z remote: Compressing objects:   5% (6/108)        
2026-08-12T17:20:12.3041018Z remote: Compressing objects:   6% (7/108)        
2026-08-12T17:20:12.3041443Z remote: Compressing objects:   7% (8/108)        
2026-08-12T17:20:12.3041821Z remote: Compressing objects:   8% (9/108)        
2026-08-12T17:20:12.3042200Z remote: Compressing objects:   9% (10/108)        
2026-08-12T17:20:12.3042582Z remote: Compressing objects:  10% (11/108)        
2026-08-12T17:20:12.3042939Z remote: Compressing objects:  11% (12/108)        
2026-08-12T17:20:12.3043332Z remote: Compressing objects:  12% (13/108)        
2026-08-12T17:20:12.3043715Z remote: Compressing objects:  13% (15/108)        
2026-08-12T17:20:12.3044051Z remote: Compressing objects:  14% (16/108)        
2026-08-12T17:20:12.3044458Z remote: Compressing objects:  15% (17/108)        
2026-08-12T17:20:12.3044834Z remote: Compressing objects:  16% (18/108)        
2026-08-12T17:20:12.3045315Z remote: Compressing objects:  17% (19/108)        
2026-08-12T17:20:12.3045754Z remote: Compressing objects:  18% (20/108)        
2026-08-12T17:20:12.3046113Z remote: Compressing objects:  19% (21/108)        
2026-08-12T17:20:12.3046505Z remote: Compressing objects:  20% (22/108)        
2026-08-12T17:20:12.3046861Z remote: Compressing objects:  21% (23/108)        
2026-08-12T17:20:12.3047199Z remote: Compressing objects:  22% (24/108)        
2026-08-12T17:20:12.3047631Z remote: Compressing objects:  23% (25/108)        
2026-08-12T17:20:12.3047985Z remote: Compressing objects:  24% (26/108)        
2026-08-12T17:20:12.3048356Z remote: Compressing objects:  25% (27/108)        
2026-08-12T17:20:12.3048725Z remote: Compressing objects:  26% (29/108)        
2026-08-12T17:20:12.3049079Z remote: Compressing objects:  27% (30/108)        
2026-08-12T17:20:12.3049498Z remote: Compressing objects:  28% (31/108)        
2026-08-12T17:20:12.3049854Z remote: Compressing objects:  29% (32/108)        
2026-08-12T17:20:12.3050203Z remote: Compressing objects:  30% (33/108)        
2026-08-12T17:20:12.3050631Z remote: Compressing objects:  31% (34/108)        
2026-08-12T17:20:12.3051161Z remote: Compressing objects:  32% (35/108)        
2026-08-12T17:20:12.3051616Z remote: Compressing objects:  33% (36/108)        
2026-08-12T17:20:12.3052008Z remote: Compressing objects:  34% (37/108)        
2026-08-12T17:20:12.3052345Z remote: Compressing objects:  35% (38/108)        
2026-08-12T17:20:12.3052751Z remote: Compressing objects:  36% (39/108)        
2026-08-12T17:20:12.3053109Z remote: Compressing objects:  37% (40/108)        
2026-08-12T17:20:12.3053564Z remote: Compressing objects:  38% (42/108)        
2026-08-12T17:20:12.3053954Z remote: Compressing objects:  39% (43/108)        
2026-08-12T17:20:12.3054306Z remote: Compressing objects:  40% (44/108)        
2026-08-12T17:20:12.3054693Z remote: Compressing objects:  41% (45/108)        
2026-08-12T17:20:12.3055048Z remote: Compressing objects:  42% (46/108)        
2026-08-12T17:20:12.3055516Z remote: Compressing objects:  43% (47/108)        
2026-08-12T17:20:12.3055979Z remote: Compressing objects:  44% (48/108)        
2026-08-12T17:20:12.3056334Z remote: Compressing objects:  45% (49/108)        
2026-08-12T17:20:12.3056709Z remote: Compressing objects:  46% (50/108)        
2026-08-12T17:20:12.3057079Z remote: Compressing objects:  47% (51/108)        
2026-08-12T17:20:12.3057460Z remote: Compressing objects:  48% (52/108)        
2026-08-12T17:20:12.3057845Z remote: Compressing objects:  49% (53/108)        
2026-08-12T17:20:12.3058200Z remote: Compressing objects:  50% (54/108)        
2026-08-12T17:20:12.3058537Z remote: Compressing objects:  51% (56/108)        
2026-08-12T17:20:12.3058944Z remote: Compressing objects:  52% (57/108)        
2026-08-12T17:20:12.3059300Z remote: Compressing objects:  53% (58/108)        
2026-08-12T17:20:12.3059701Z remote: Compressing objects:  54% (59/108)        
2026-08-12T17:20:12.3060077Z remote: Compressing objects:  55% (60/108)        
2026-08-12T17:20:12.3060432Z remote: Compressing objects:  56% (61/108)        
2026-08-12T17:20:12.3061023Z remote: Compressing objects:  57% (62/108)        
2026-08-12T17:20:12.3061408Z remote: Compressing objects:  58% (63/108)        
2026-08-12T17:20:12.3061794Z remote: Compressing objects:  59% (64/108)        
2026-08-12T17:20:12.3062181Z remote: Compressing objects:  60% (65/108)        
2026-08-12T17:20:12.3062533Z remote: Compressing objects:  61% (66/108)        
2026-08-12T17:20:12.3062920Z remote: Compressing objects:  62% (67/108)        
2026-08-12T17:20:12.3063275Z remote: Compressing objects:  63% (69/108)        
2026-08-12T17:20:12.3063643Z remote: Compressing objects:  64% (70/108)        
2026-08-12T17:20:12.3064048Z remote: Compressing objects:  65% (71/108)        
2026-08-12T17:20:12.3064401Z remote: Compressing objects:  66% (72/108)        
2026-08-12T17:20:12.3064780Z remote: Compressing objects:  67% (73/108)        
2026-08-12T17:20:12.3065286Z remote: Compressing objects:  68% (74/108)        
2026-08-12T17:20:12.3065641Z remote: Compressing objects:  69% (75/108)        
2026-08-12T17:20:12.3066034Z remote: Compressing objects:  70% (76/108)        
2026-08-12T17:20:12.3066391Z remote: Compressing objects:  71% (77/108)        
2026-08-12T17:20:12.3066743Z remote: Compressing objects:  72% (78/108)        
2026-08-12T17:20:12.3067141Z remote: Compressing objects:  73% (79/108)        
2026-08-12T17:20:12.3067519Z remote: Compressing objects:  74% (80/108)        
2026-08-12T17:20:12.3067888Z remote: Compressing objects:  75% (81/108)        
2026-08-12T17:20:12.3068256Z remote: Compressing objects:  76% (83/108)        
2026-08-12T17:20:12.3068605Z remote: Compressing objects:  77% (84/108)        
2026-08-12T17:20:12.3068991Z remote: Compressing objects:  78% (85/108)        
2026-08-12T17:20:12.3069488Z remote: Compressing objects:  79% (86/108)        
2026-08-12T17:20:12.3069818Z remote: Compressing objects:  80% (87/108)        
2026-08-12T17:20:12.3070223Z remote: Compressing objects:  81% (88/108)        
2026-08-12T17:20:12.3070570Z remote: Compressing objects:  82% (89/108)        
2026-08-12T17:20:12.3071161Z remote: Compressing objects:  83% (90/108)        
2026-08-12T17:20:12.3071551Z remote: Compressing objects:  84% (91/108)        
2026-08-12T17:20:12.3071896Z remote: Compressing objects:  85% (92/108)        
2026-08-12T17:20:12.3123252Z remote: Compressing objects:  86% (93/108)        
2026-08-12T17:20:12.3123592Z remote: Compressing objects:  87% (94/108)        
2026-08-12T17:20:12.3123896Z remote: Compressing objects:  88% (96/108)        
2026-08-12T17:20:12.3124176Z remote: Compressing objects:  89% (97/108)        
2026-08-12T17:20:12.3124466Z remote: Compressing objects:  90% (98/108)        
2026-08-12T17:20:12.3124734Z remote: Compressing objects:  91% (99/108)        
2026-08-12T17:20:12.3125017Z remote: Compressing objects:  92% (100/108)        
2026-08-12T17:20:12.3125307Z remote: Compressing objects:  93% (101/108)        
2026-08-12T17:20:12.3125788Z remote: Compressing objects:  94% (102/108)        
2026-08-12T17:20:12.3126049Z remote: Compressing objects:  95% (103/108)        
2026-08-12T17:20:12.3126321Z remote: Compressing objects:  96% (104/108)        
2026-08-12T17:20:12.3126605Z remote: Compressing objects:  97% (105/108)        
2026-08-12T17:20:12.3126872Z remote: Compressing objects:  98% (106/108)        
2026-08-12T17:20:12.3127141Z remote: Compressing objects:  99% (107/108)        
2026-08-12T17:20:12.3127405Z remote: Compressing objects: 100% (108/108)        
2026-08-12T17:20:12.3127691Z remote: Compressing objects: 100% (108/108), done.        
2026-08-12T17:20:12.3509114Z Receiving objects:   0% (1/154)
2026-08-12T17:20:12.3509642Z Receiving objects:   1% (2/154)
2026-08-12T17:20:12.3510000Z Receiving objects:   2% (4/154)
2026-08-12T17:20:12.3510397Z Receiving objects:   3% (5/154)
2026-08-12T17:20:12.3512059Z Receiving objects:   4% (7/154)
2026-08-12T17:20:12.3512395Z Receiving objects:   5% (8/154)
2026-08-12T17:20:12.3512758Z Receiving objects:   6% (10/154)
2026-08-12T17:20:12.3513081Z Receiving objects:   7% (11/154)
2026-08-12T17:20:12.3513385Z Receiving objects:   8% (13/154)
2026-08-12T17:20:12.3513588Z Receiving objects:   9% (14/154)
2026-08-12T17:20:12.3513786Z Receiving objects:  10% (16/154)
2026-08-12T17:20:12.3513980Z Receiving objects:  11% (17/154)
2026-08-12T17:20:12.3514178Z Receiving objects:  12% (19/154)
2026-08-12T17:20:12.3514384Z Receiving objects:  13% (21/154)
2026-08-12T17:20:12.3514584Z Receiving objects:  14% (22/154)
2026-08-12T17:20:12.3514789Z Receiving objects:  15% (24/154)
2026-08-12T17:20:12.3515099Z Receiving objects:  16% (25/154)
2026-08-12T17:20:12.3515420Z Receiving objects:  17% (27/154)
2026-08-12T17:20:12.3515734Z Receiving objects:  18% (28/154)
2026-08-12T17:20:12.3516081Z Receiving objects:  19% (30/154)
2026-08-12T17:20:12.3516345Z Receiving objects:  20% (31/154)
2026-08-12T17:20:12.3516551Z Receiving objects:  21% (33/154)
2026-08-12T17:20:12.3516944Z Receiving objects:  22% (34/154)
2026-08-12T17:20:12.3517142Z Receiving objects:  23% (36/154)
2026-08-12T17:20:12.3517338Z Receiving objects:  24% (37/154)
2026-08-12T17:20:12.3517535Z Receiving objects:  25% (39/154)
2026-08-12T17:20:12.3517734Z Receiving objects:  26% (41/154)
2026-08-12T17:20:12.3517928Z Receiving objects:  27% (42/154)
2026-08-12T17:20:12.3518123Z Receiving objects:  28% (44/154)
2026-08-12T17:20:12.3518318Z Receiving objects:  29% (45/154)
2026-08-12T17:20:12.3518518Z Receiving objects:  30% (47/154)
2026-08-12T17:20:12.3518722Z Receiving objects:  31% (48/154)
2026-08-12T17:20:12.3518924Z Receiving objects:  32% (50/154)
2026-08-12T17:20:12.3519127Z Receiving objects:  33% (51/154)
2026-08-12T17:20:12.3519333Z Receiving objects:  34% (53/154)
2026-08-12T17:20:12.3519536Z Receiving objects:  35% (54/154)
2026-08-12T17:20:12.3519730Z Receiving objects:  36% (56/154)
2026-08-12T17:20:12.3519928Z Receiving objects:  37% (57/154)
2026-08-12T17:20:12.3520124Z Receiving objects:  38% (59/154)
2026-08-12T17:20:12.3520348Z Receiving objects:  39% (61/154)
2026-08-12T17:20:12.3520548Z Receiving objects:  40% (62/154)
2026-08-12T17:20:12.3520936Z Receiving objects:  41% (64/154)
2026-08-12T17:20:12.3521299Z Receiving objects:  42% (65/154)
2026-08-12T17:20:12.3521607Z Receiving objects:  43% (67/154)
2026-08-12T17:20:12.3521843Z Receiving objects:  44% (68/154)
2026-08-12T17:20:12.3522158Z Receiving objects:  45% (70/154)
2026-08-12T17:20:12.3522392Z Receiving objects:  46% (71/154)
2026-08-12T17:20:12.3522607Z Receiving objects:  47% (73/154)
2026-08-12T17:20:12.3522820Z Receiving objects:  48% (74/154)
2026-08-12T17:20:12.3523027Z Receiving objects:  49% (76/154)
2026-08-12T17:20:12.3523247Z Receiving objects:  50% (77/154)
2026-08-12T17:20:12.3523450Z Receiving objects:  51% (79/154)
2026-08-12T17:20:12.3523654Z Receiving objects:  52% (81/154)
2026-08-12T17:20:12.3523856Z Receiving objects:  53% (82/154)
2026-08-12T17:20:12.3524059Z Receiving objects:  54% (84/154)
2026-08-12T17:20:12.3524412Z Receiving objects:  55% (85/154)
2026-08-12T17:20:12.3524626Z Receiving objects:  56% (87/154)
2026-08-12T17:20:12.3524840Z Receiving objects:  57% (88/154)
2026-08-12T17:20:12.3525047Z Receiving objects:  58% (90/154)
2026-08-12T17:20:12.3525256Z Receiving objects:  59% (91/154)
2026-08-12T17:20:12.3525460Z Receiving objects:  60% (93/154)
2026-08-12T17:20:12.3525660Z Receiving objects:  61% (94/154)
2026-08-12T17:20:12.3525863Z Receiving objects:  62% (96/154)
2026-08-12T17:20:12.3526076Z Receiving objects:  63% (98/154)
2026-08-12T17:20:12.3526280Z Receiving objects:  64% (99/154)
2026-08-12T17:20:12.3526487Z Receiving objects:  65% (101/154)
2026-08-12T17:20:12.3526704Z Receiving objects:  66% (102/154)
2026-08-12T17:20:12.3526911Z Receiving objects:  67% (104/154)
2026-08-12T17:20:12.3527114Z Receiving objects:  68% (105/154)
2026-08-12T17:20:12.3527323Z Receiving objects:  69% (107/154)
2026-08-12T17:20:12.3527541Z Receiving objects:  70% (108/154)
2026-08-12T17:20:12.3527749Z Receiving objects:  71% (110/154)
2026-08-12T17:20:12.3527962Z Receiving objects:  72% (111/154)
2026-08-12T17:20:12.3528167Z Receiving objects:  73% (113/154)
2026-08-12T17:20:12.3528371Z Receiving objects:  74% (114/154)
2026-08-12T17:20:12.3993813Z Receiving objects:  75% (116/154)
2026-08-12T17:20:12.3994410Z Receiving objects:  76% (118/154)
2026-08-12T17:20:12.3995011Z Receiving objects:  77% (119/154)
2026-08-12T17:20:12.3995573Z Receiving objects:  78% (121/154)
2026-08-12T17:20:12.3996050Z Receiving objects:  79% (122/154)
2026-08-12T17:20:12.3996473Z Receiving objects:  80% (124/154)
2026-08-12T17:20:12.3996834Z Receiving objects:  81% (125/154)
2026-08-12T17:20:12.3997158Z Receiving objects:  82% (127/154)
2026-08-12T17:20:12.3997524Z Receiving objects:  83% (128/154)
2026-08-12T17:20:12.3997855Z Receiving objects:  84% (130/154)
2026-08-12T17:20:12.3998274Z Receiving objects:  85% (131/154)
2026-08-12T17:20:12.3998607Z Receiving objects:  86% (133/154)
2026-08-12T17:20:12.3998927Z Receiving objects:  87% (134/154)
2026-08-12T17:20:12.3999457Z Receiving objects:  88% (136/154)
2026-08-12T17:20:12.3999787Z Receiving objects:  89% (138/154)
2026-08-12T17:20:12.4000118Z Receiving objects:  90% (139/154)
2026-08-12T17:20:12.4000447Z Receiving objects:  91% (141/154)
2026-08-12T17:20:12.4499067Z Receiving objects:  92% (142/154)
2026-08-12T17:20:12.4499942Z remote: Total 154 (delta 18), reused 151 (delta 18), pack-reused 0 (from 0)        
2026-08-12T17:20:12.4508534Z Receiving objects:  93% (144/154)
2026-08-12T17:20:12.4509126Z Receiving objects:  94% (145/154)
2026-08-12T17:20:12.4509475Z Receiving objects:  95% (147/154)
2026-08-12T17:20:12.4509801Z Receiving objects:  96% (148/154)
2026-08-12T17:20:12.4511606Z Receiving objects:  97% (150/154)
2026-08-12T17:20:12.4511914Z Receiving objects:  98% (151/154)
2026-08-12T17:20:12.4512294Z Receiving objects:  99% (153/154)
2026-08-12T17:20:12.4512677Z Receiving objects: 100% (154/154)
2026-08-12T17:20:12.4513135Z Receiving objects: 100% (154/154), 152.54 KiB | 1.50 MiB/s, done.
2026-08-12T17:20:12.4519615Z Resolving deltas:   0% (0/18)
2026-08-12T17:20:12.4519962Z Resolving deltas:   5% (1/18)
2026-08-12T17:20:12.4520267Z Resolving deltas:  11% (2/18)
2026-08-12T17:20:12.4520563Z Resolving deltas:  16% (3/18)
2026-08-12T17:20:12.4520915Z Resolving deltas:  22% (4/18)
2026-08-12T17:20:12.4521169Z Resolving deltas:  27% (5/18)
2026-08-12T17:20:12.4521426Z Resolving deltas:  33% (6/18)
2026-08-12T17:20:12.4521632Z Resolving deltas:  38% (7/18)
2026-08-12T17:20:12.4521839Z Resolving deltas:  44% (8/18)
2026-08-12T17:20:12.4522037Z Resolving deltas:  50% (9/18)
2026-08-12T17:20:12.4522280Z Resolving deltas:  55% (10/18)
2026-08-12T17:20:12.4522566Z Resolving deltas:  61% (11/18)
2026-08-12T17:20:12.4522861Z Resolving deltas:  66% (12/18)
2026-08-12T17:20:12.4523169Z Resolving deltas:  72% (13/18)
2026-08-12T17:20:12.4523472Z Resolving deltas:  77% (14/18)
2026-08-12T17:20:12.4523774Z Resolving deltas:  83% (15/18)
2026-08-12T17:20:12.4524117Z Resolving deltas:  88% (16/18)
2026-08-12T17:20:12.4524655Z Resolving deltas:  94% (17/18)
2026-08-12T17:20:12.4524871Z Resolving deltas: 100% (18/18)
2026-08-12T17:20:12.4525093Z Resolving deltas: 100% (18/18), done.
2026-08-12T17:20:12.4666219Z From https://github.com/vijayissupercool-dotcom/iva
2026-08-12T17:20:12.4666726Z  * [new ref]         e9ab84f3fc7f97ec665bf19edd8874fef616f592 -> origin/main
2026-08-12T17:20:12.4687459Z ##[endgroup]
2026-08-12T17:20:12.4687929Z ##[group]Determining the checkout info
2026-08-12T17:20:12.4690054Z ##[endgroup]
2026-08-12T17:20:12.4690498Z ##[group]Checking out the ref
2026-08-12T17:20:12.4694182Z [command]/usr/bin/git checkout --progress --force -B main refs/remotes/origin/main
2026-08-12T17:20:12.4778978Z Switched to a new branch 'main'
2026-08-12T17:20:12.4781221Z branch 'main' set up to track 'origin/main'.
2026-08-12T17:20:12.4785462Z ##[endgroup]
2026-08-12T17:20:12.4812576Z [command]/usr/bin/git log -1 --format='%H'
2026-08-12T17:20:12.4831095Z 'e9ab84f3fc7f97ec665bf19edd8874fef616f592'
2026-08-12T17:20:12.5013058Z Node 20 is being deprecated. This workflow is running with Node 24 by default. If you need to temporarily use Node 20, you can set the ACTIONS_ALLOW_USE_UNSECURE_NODE_VERSION=true environment variable. For more information see: https://github.blog/changelog/2025-09-19-deprecation-of-node-20-on-github-actions-runners/
2026-08-12T17:20:12.5014654Z ##[group]Run pnpm/action-setup@v2
2026-08-12T17:20:12.5014864Z with:
2026-08-12T17:20:12.5015022Z   version: 9
2026-08-12T17:20:12.5015184Z   dest: ~/setup-pnpm
2026-08-12T17:20:12.5015355Z   run_install: null
2026-08-12T17:20:12.5015536Z   package_json_file: package.json
2026-08-12T17:20:12.5015735Z   standalone: false
2026-08-12T17:20:12.5015898Z ##[endgroup]
2026-08-12T17:20:12.5716500Z ##[group]Running self-installer...
2026-08-12T17:20:12.8603111Z (node:2144) [DEP0169] DeprecationWarning: `url.parse()` behavior is not standardized and prone to errors that have security implications. Use the WHATWG URL API instead. CVEs are not issued for `url.parse()` vulnerabilities.
2026-08-12T17:20:12.8604526Z (Use `node --trace-deprecation ...` to show where the warning was created)
2026-08-12T17:20:13.0909943Z Progress: resolved 1, reused 0, downloaded 0, added 0
2026-08-12T17:20:13.0976774Z Packages: +1
2026-08-12T17:20:13.0977078Z +
2026-08-12T17:20:13.5560393Z Packages are hard linked from the content-addressable store to the virtual store.
2026-08-12T17:20:13.5561742Z   Content-addressable store is at: /home/runner/.local/share/pnpm/store/v3
2026-08-12T17:20:13.5562556Z   Virtual store is at:             node_modules/.pnpm
2026-08-12T17:20:13.5838512Z 
2026-08-12T17:20:13.5839005Z dependencies:
2026-08-12T17:20:13.5839610Z + pnpm 9.15.9 (11.21.0 is available)
2026-08-12T17:20:13.5840064Z 
2026-08-12T17:20:13.5862692Z Done in 884ms
2026-08-12T17:20:14.0924411Z Progress: resolved 1, reused 0, downloaded 1, added 1, done
2026-08-12T17:20:14.1062900Z ##[endgroup]
2026-08-12T17:20:14.1063381Z Installation Completed!
2026-08-12T17:20:14.1204202Z Node 20 is being deprecated. This workflow is running with Node 24 by default. If you need to temporarily use Node 20, you can set the ACTIONS_ALLOW_USE_UNSECURE_NODE_VERSION=true environment variable. For more information see: https://github.blog/changelog/2025-09-19-deprecation-of-node-20-on-github-actions-runners/
2026-08-12T17:20:14.1205161Z ##[group]Run actions/setup-node@v3
2026-08-12T17:20:14.1205370Z with:
2026-08-12T17:20:14.1205538Z   node-version: 20
2026-08-12T17:20:14.1205741Z   cache: pnpm
2026-08-12T17:20:14.1205912Z   always-auth: false
2026-08-12T17:20:14.1206086Z   check-latest: false
2026-08-12T17:20:14.1208150Z   token: ***
2026-08-12T17:20:14.1208316Z env:
2026-08-12T17:20:14.1208525Z   PNPM_HOME: /home/runner/setup-pnpm/node_modules/.bin
2026-08-12T17:20:14.1208774Z ##[endgroup]
2026-08-12T17:20:14.2403635Z Attempting to download 20...
2026-08-12T17:20:14.2488190Z (node:2157) [DEP0040] DeprecationWarning: The `punycode` module is deprecated. Please use a userland alternative instead.
2026-08-12T17:20:14.2488771Z (Use `node --trace-deprecation ...` to show where the warning was created)
2026-08-12T17:20:15.0681604Z Acquiring 20.20.2 - x64 from https://github.com/actions/node-versions/releases/download/20.20.2-23521894959/node-20.20.2-linux-x64.tar.gz
2026-08-12T17:20:15.6963753Z Extracting ...
2026-08-12T17:20:15.7062335Z [command]/usr/bin/tar xz --strip 1 --warning=no-unknown-keyword -C /home/runner/work/_temp/3452b611-7324-4176-8b60-6b8ffe97a0b3 -f /home/runner/work/_temp/4607aa4e-0094-474f-8e1b-79e471cd2a48
2026-08-12T17:20:16.5612095Z Adding to the cache ...
2026-08-12T17:20:18.2260660Z ##[group]Environment details
2026-08-12T17:20:18.4013522Z node: v20.20.2
2026-08-12T17:20:18.4013815Z npm: 10.8.2
2026-08-12T17:20:18.4025115Z yarn: 1.22.22
2026-08-12T17:20:18.4025874Z ##[endgroup]
2026-08-12T17:20:18.4027323Z [command]/home/runner/setup-pnpm/node_modules/.bin/pnpm store path --silent
2026-08-12T17:20:18.7044270Z /home/runner/setup-pnpm/node_modules/.bin/store/v3
2026-08-12T17:20:18.9059900Z pnpm cache is not found
2026-08-12T17:20:18.9211955Z ##[group]Run pnpm install
2026-08-12T17:20:18.9212231Z [36;1mpnpm install[0m
2026-08-12T17:20:18.9252370Z shell: /usr/bin/bash -e {0}
2026-08-12T17:20:18.9252579Z env:
2026-08-12T17:20:18.9252793Z   PNPM_HOME: /home/runner/setup-pnpm/node_modules/.bin
2026-08-12T17:20:18.9253048Z ##[endgroup]
2026-08-12T17:20:19.2448986Z Scope: all 12 workspace projects
2026-08-12T17:20:19.3000301Z Lockfile is up to date, resolution step is skipped
2026-08-12T17:20:19.3692048Z Progress: resolved 1, reused 0, downloaded 0, added 0
2026-08-12T17:20:19.4867172Z Packages: +928
2026-08-12T17:20:19.4868311Z ++++++++++++++++++++++++++++++++++++++++++++++++++++++++++++++++++++++++++++++++
2026-08-12T17:20:20.3688648Z Progress: resolved 928, reused 0, downloaded 127, added 123
2026-08-12T17:20:21.3690990Z Progress: resolved 928, reused 0, downloaded 272, added 271
2026-08-12T17:20:22.3701046Z Progress: resolved 928, reused 0, downloaded 296, added 286
2026-08-12T17:20:23.3702605Z Progress: resolved 928, reused 0, downloaded 403, added 403
2026-08-12T17:20:24.3705188Z Progress: resolved 928, reused 0, downloaded 561, added 563
2026-08-12T17:20:25.3712299Z Progress: resolved 928, reused 0, downloaded 750, added 752
2026-08-12T17:20:26.3724466Z Progress: resolved 928, reused 0, downloaded 818, added 806
2026-08-12T17:20:27.3742154Z Progress: resolved 928, reused 0, downloaded 916, added 915
2026-08-12T17:20:27.8642065Z Progress: resolved 928, reused 0, downloaded 926, added 928, done
2026-08-12T17:20:28.1188457Z .../node_modules/@prisma/engines postinstall$ node scripts/postinstall.js
2026-08-12T17:20:28.1193229Z .../core-js@3.50.0/node_modules/core-js postinstall$ node -e "try{require('./postinstall')}catch(e){}"
2026-08-12T17:20:28.1522284Z .../node_modules/unrs-resolver postinstall$ node postinstall.js
2026-08-12T17:20:28.1523157Z .../node_modules/msgpackr-extract install$ node-gyp-build-optional-packages
2026-08-12T17:20:28.1528411Z .../node_modules/@sentry/cli postinstall$ node ./scripts/install.js
2026-08-12T17:20:28.2076344Z .../core-js@3.50.0/node_modules/core-js postinstall: Done
2026-08-12T17:20:28.2161711Z .../node_modules/unrs-resolver postinstall: Done
2026-08-12T17:20:28.2717641Z .../node_modules/@sentry/cli postinstall: Done
2026-08-12T17:20:28.3059086Z .../node_modules/msgpackr-extract install: Done
2026-08-12T17:20:29.1117536Z .../node_modules/@prisma/engines postinstall: Done
2026-08-12T17:20:29.1788492Z .../node_modules/prisma preinstall$ node scripts/preinstall-entry.js
2026-08-12T17:20:29.2257298Z .../node_modules/prisma preinstall: Done
2026-08-12T17:20:29.5871680Z 
2026-08-12T17:20:29.5872433Z devDependencies:
2026-08-12T17:20:29.5872772Z + @eslint/js 10.0.1
2026-08-12T17:20:29.5872965Z + eslint 9.39.5
2026-08-12T17:20:29.5873147Z + turbo 2.10.9
2026-08-12T17:20:29.5896498Z + typescript 5.9.3
2026-08-12T17:20:29.5896977Z + typescript-eslint 8.67.0
2026-08-12T17:20:29.5897177Z 
2026-08-12T17:20:29.6351838Z Done in 10.6s using pnpm v9.15.9
2026-08-12T17:20:29.6879857Z ##[group]Run pnpm run lint
2026-08-12T17:20:29.6880111Z [36;1mpnpm run lint[0m
2026-08-12T17:20:29.6918094Z shell: /usr/bin/bash -e {0}
2026-08-12T17:20:29.6918301Z env:
2026-08-12T17:20:29.6918505Z   PNPM_HOME: /home/runner/setup-pnpm/node_modules/.bin
2026-08-12T17:20:29.6918753Z ##[endgroup]
2026-08-12T17:20:29.9821271Z 
2026-08-12T17:20:29.9821890Z > lva@ lint /home/runner/work/iva/iva
2026-08-12T17:20:29.9822322Z > turbo run lint
2026-08-12T17:20:29.9822486Z 
2026-08-12T17:20:30.0193804Z 
2026-08-12T17:20:30.0215559Z Attention:
2026-08-12T17:20:30.0241920Z Turborepo now collects completely anonymous telemetry regarding usage.
2026-08-12T17:20:30.0281663Z This information is used to shape the Turborepo roadmap and prioritize features.
2026-08-12T17:20:30.0282973Z You can learn more, including how to opt-out if you'd not like to participate in this anonymous program, by visiting the following URL:
2026-08-12T17:20:30.0283919Z https://turborepo.dev/docs/telemetry
2026-08-12T17:20:30.0284334Z 
2026-08-12T17:20:30.0342105Z 
2026-08-12T17:20:30.0343534Z    • Packages in scope: @lva/ai, @lva/auth, @lva/capture-protocol, @lva/change-engine, @lva/config, @lva/db, @lva/media, @lva/rendering, @lva/types, @lva/worker, web
2026-08-12T17:20:30.0344532Z    • Running lint in 11 packages
2026-08-12T17:20:30.0345003Z    • Remote caching disabled
2026-08-12T17:20:30.0345288Z 
2026-08-12T17:20:33.6299635Z ##[group]@lva/db:lint
2026-08-12T17:20:33.6303356Z cache miss, executing 2c119d08159e3c53
2026-08-12T17:20:33.6379956Z 
2026-08-12T17:20:33.6414337Z > @lva/db@0.1.0 lint /home/runner/work/iva/iva/packages/db
2026-08-12T17:20:33.6459116Z > eslint src/
2026-08-12T17:20:33.6520507Z 
2026-08-12T17:20:33.6526182Z ##[endgroup]
2026-08-12T17:20:34.1460535Z ##[group]@lva/types:lint
2026-08-12T17:20:34.1492217Z cache miss, executing 580ed720675613f6
2026-08-12T17:20:34.1511202Z 
2026-08-12T17:20:34.1562486Z > @lva/types@0.1.0 lint /home/runner/work/iva/iva/packages/types
2026-08-12T17:20:34.1591701Z > eslint src/
2026-08-12T17:20:34.1630986Z 
2026-08-12T17:20:34.1665982Z ##[endgroup]
2026-08-12T17:20:34.2099938Z ##[group]@lva/worker:lint
2026-08-12T17:20:34.2131827Z cache miss, executing 996ab1799d592f4c
2026-08-12T17:20:34.2151311Z 
2026-08-12T17:20:34.2161989Z > @lva/worker@0.1.0 lint /home/runner/work/iva/iva/apps/worker
2026-08-12T17:20:34.2191481Z > eslint src/
2026-08-12T17:20:34.2221086Z 
2026-08-12T17:20:34.2231140Z 
2026-08-12T17:20:34.2251557Z /home/runner/work/iva/iva/apps/worker/src/index.ts
2026-08-12T17:20:34.2308350Z ##[warning]  26:30  warning  'request' is defined but never used  @typescript-eslint/no-unused-vars
2026-08-12T17:20:34.2347199Z ##[warning]  26:39  warning  'reply' is defined but never used    @typescript-eslint/no-unused-vars
2026-08-12T17:20:34.2371023Z 
2026-08-12T17:20:34.2383985Z ✖ 2 problems (0 errors, 2 warnings)
2026-08-12T17:20:34.2392412Z 
2026-08-12T17:20:34.2402212Z ##[endgroup]
2026-08-12T17:20:34.2402891Z ##[group]@lva/rendering:lint
2026-08-12T17:20:34.2403626Z cache miss, executing 4bdda8b8d820d0e9
2026-08-12T17:20:34.2404140Z 
2026-08-12T17:20:34.2404692Z > @lva/rendering@0.1.0 lint /home/runner/work/iva/iva/packages/rendering
2026-08-12T17:20:34.2405391Z > eslint src/
2026-08-12T17:20:34.2405703Z 
2026-08-12T17:20:34.2406163Z ##[endgroup]
2026-08-12T17:20:34.4320530Z ##[group]@lva/ai:lint
2026-08-12T17:20:34.4328091Z cache miss, executing 5daa0533caee61e8
2026-08-12T17:20:34.4328584Z 
2026-08-12T17:20:34.4329033Z > @lva/ai@0.1.0 lint /home/runner/work/iva/iva/packages/ai
2026-08-12T17:20:34.4329601Z > eslint src/
2026-08-12T17:20:34.4329931Z 
2026-08-12T17:20:34.4330395Z ##[endgroup]
2026-08-12T17:20:34.4832223Z ##[group]@lva/change-engine:lint
2026-08-12T17:20:34.4851765Z cache miss, executing 9bf4fe81d0d5bfa2
2026-08-12T17:20:34.4911054Z 
2026-08-12T17:20:34.5031967Z > @lva/change-engine@0.1.0 lint /home/runner/work/iva/iva/packages/change-engine
2026-08-12T17:20:34.5041354Z > eslint src/
2026-08-12T17:20:34.5071307Z 
2026-08-12T17:20:34.5171621Z ##[endgroup]
2026-08-12T17:20:34.5582777Z ##[group]@lva/auth:lint
2026-08-12T17:20:34.5611505Z cache miss, executing b148db97f44ea1fa
2026-08-12T17:20:34.5612089Z 
2026-08-12T17:20:34.5641601Z > @lva/auth@0.1.0 lint /home/runner/work/iva/iva/packages/auth
2026-08-12T17:20:34.5666702Z > eslint src/
2026-08-12T17:20:34.5691150Z 
2026-08-12T17:20:34.5711140Z 
2026-08-12T17:20:34.5741425Z /home/runner/work/iva/iva/packages/auth/src/index.ts
2026-08-12T17:20:34.5752691Z ##[warning]  1:35  warning  'CookieOptions' is defined but never used  @typescript-eslint/no-unused-vars
2026-08-12T17:20:34.5771127Z 
2026-08-12T17:20:34.5801699Z ✖ 1 problem (0 errors, 1 warning)
2026-08-12T17:20:34.5841533Z 
2026-08-12T17:20:34.5854749Z ##[endgroup]
2026-08-12T17:20:34.6177481Z ##[group]@lva/media:lint
2026-08-12T17:20:34.6232470Z cache miss, executing f4774018f6704cc0
2026-08-12T17:20:34.6232770Z 
2026-08-12T17:20:34.6233087Z > @lva/media@0.1.0 lint /home/runner/work/iva/iva/packages/media
2026-08-12T17:20:34.6233539Z > eslint src/
2026-08-12T17:20:34.6233728Z 
2026-08-12T17:20:34.6234074Z ##[endgroup]
2026-08-12T17:20:34.8028677Z ##[group]@lva/config:lint
2026-08-12T17:20:34.8051743Z cache miss, executing 75af1581a123ce5a
2026-08-12T17:20:34.8061650Z 
2026-08-12T17:20:34.8062493Z > @lva/config@0.1.0 lint /home/runner/work/iva/iva/packages/config
2026-08-12T17:20:34.8062975Z > eslint src/
2026-08-12T17:20:34.8063257Z 
2026-08-12T17:20:34.8063541Z 
2026-08-12T17:20:34.8063799Z /home/runner/work/iva/iva/packages/config/src/env.ts
2026-08-12T17:20:34.8065460Z ##[warning]  15:49  warning  Unexpected any. Specify a different type  @typescript-eslint/no-explicit-any
2026-08-12T17:20:34.8066857Z 
2026-08-12T17:20:34.8081410Z ✖ 1 problem (0 errors, 1 warning)
2026-08-12T17:20:34.8081869Z 
2026-08-12T17:20:34.8082380Z ##[endgroup]
2026-08-12T17:20:35.3377848Z ##[group]@lva/capture-protocol:lint
2026-08-12T17:20:35.3378535Z cache miss, executing 6aa61ad680658eeb
2026-08-12T17:20:35.3378836Z 
2026-08-12T17:20:35.3379437Z > @lva/capture-protocol@0.1.0 lint /home/runner/work/iva/iva/packages/capture-protocol
2026-08-12T17:20:35.3380340Z > eslint src/
2026-08-12T17:20:35.3380489Z 
2026-08-12T17:20:35.7876891Z ##[endgroup]
2026-08-12T17:20:35.7877452Z ##[group]web:lint
2026-08-12T17:20:35.7877885Z cache miss, executing 5eb2298ef9282f1b
2026-08-12T17:20:35.7878148Z 
2026-08-12T17:20:35.7878387Z > web@0.1.0 lint /home/runner/work/iva/iva/apps/web
2026-08-12T17:20:35.7878761Z > eslint
2026-08-12T17:20:35.7878897Z 
2026-08-12T17:20:35.7879162Z ##[endgroup]
2026-08-12T17:20:35.7883665Z 
2026-08-12T17:20:35.7884217Z  Tasks:    11 successful, 11 total
2026-08-12T17:20:35.7884757Z Cached:    0 cached, 11 total
2026-08-12T17:20:35.7885178Z   Time:    5.768s 
2026-08-12T17:20:35.7885451Z 
2026-08-12T17:20:35.8061347Z ##[group]Run pnpm run typecheck
2026-08-12T17:20:35.8061610Z [36;1mpnpm run typecheck[0m
2026-08-12T17:20:35.8109602Z shell: /usr/bin/bash -e {0}
2026-08-12T17:20:35.8109813Z env:
2026-08-12T17:20:35.8110023Z   PNPM_HOME: /home/runner/setup-pnpm/node_modules/.bin
2026-08-12T17:20:35.8110389Z ##[endgroup]
2026-08-12T17:20:36.2234668Z 
2026-08-12T17:20:36.2235150Z > lva@ typecheck /home/runner/work/iva/iva
2026-08-12T17:20:36.2235562Z > turbo run typecheck
2026-08-12T17:20:36.2235724Z 
2026-08-12T17:20:36.2695554Z 
2026-08-12T17:20:36.2707859Z    • Packages in scope: @lva/ai, @lva/auth, @lva/capture-protocol, @lva/change-engine, @lva/config, @lva/db, @lva/media, @lva/rendering, @lva/types, @lva/worker, web
2026-08-12T17:20:36.2708803Z    • Running typecheck in 11 packages
2026-08-12T17:20:36.2709193Z    • Remote caching disabled
2026-08-12T17:20:36.2709393Z 
2026-08-12T17:20:38.9050661Z ##[group]@lva/media:typecheck
2026-08-12T17:20:38.9135024Z cache miss, executing ac918fb5223f444d
2026-08-12T17:20:38.9195873Z 
2026-08-12T17:20:38.9341947Z > @lva/media@0.1.0 typecheck /home/runner/work/iva/iva/packages/media
2026-08-12T17:20:38.9581714Z > tsc --noEmit
2026-08-12T17:20:38.9761211Z 
2026-08-12T17:20:38.9772297Z ##[endgroup]
2026-08-12T17:20:39.7217243Z ##[group]@lva/types:typecheck
2026-08-12T17:20:39.7262024Z cache miss, executing f817694757af9579
2026-08-12T17:20:39.7311172Z 
2026-08-12T17:20:39.7351756Z > @lva/types@0.1.0 typecheck /home/runner/work/iva/iva/packages/types
2026-08-12T17:20:39.7509416Z > tsc --noEmit
2026-08-12T17:20:39.7675952Z 
2026-08-12T17:20:39.7697767Z ##[endgroup]
2026-08-12T17:20:39.7698306Z ##[group]@lva/rendering:typecheck
2026-08-12T17:20:39.7698941Z cache miss, executing ddee86b1c1ebb0a2
2026-08-12T17:20:39.7699213Z 
2026-08-12T17:20:39.7711680Z > @lva/rendering@0.1.0 typecheck /home/runner/work/iva/iva/packages/rendering
2026-08-12T17:20:39.7714547Z > tsc --noEmit
2026-08-12T17:20:39.7741225Z 
2026-08-12T17:20:39.7761534Z ##[endgroup]
2026-08-12T17:20:39.8422125Z ##[group]@lva/ai:typecheck
2026-08-12T17:20:39.8576435Z cache miss, executing b097a3d2fa866733
2026-08-12T17:20:39.8707103Z 
2026-08-12T17:20:39.8775982Z > @lva/ai@0.1.0 typecheck /home/runner/work/iva/iva/packages/ai
2026-08-12T17:20:39.8865566Z > tsc --noEmit
2026-08-12T17:20:39.8921041Z 
2026-08-12T17:20:39.9031836Z ##[endgroup]
2026-08-12T17:20:40.1892070Z ##[group]@lva/change-engine:typecheck
2026-08-12T17:20:40.1892830Z cache miss, executing c7eec32f6de76ab7
2026-08-12T17:20:40.1893155Z 
2026-08-12T17:20:40.1902026Z > @lva/change-engine@0.1.0 typecheck /home/runner/work/iva/iva/packages/change-engine
2026-08-12T17:20:40.1914790Z > tsc --noEmit
2026-08-12T17:20:40.1915185Z 
2026-08-12T17:20:40.1915801Z ##[endgroup]
2026-08-12T17:20:40.2142276Z ##[group]@lva/capture-protocol:typecheck
2026-08-12T17:20:40.2151772Z cache miss, executing d57aed0ff95ce4fb
2026-08-12T17:20:40.2152254Z 
2026-08-12T17:20:40.2152948Z > @lva/capture-protocol@0.1.0 typecheck /home/runner/work/iva/iva/packages/capture-protocol
2026-08-12T17:20:40.2153680Z > tsc --noEmit
2026-08-12T17:20:40.2153976Z 
2026-08-12T17:20:40.2154450Z ##[endgroup]
2026-08-12T17:20:40.6345087Z [;31m@lva/db:typecheck[;0m
2026-08-12T17:20:40.6391755Z cache miss, executing 38ab707d3316722a
2026-08-12T17:20:40.6413096Z 
2026-08-12T17:20:40.6416897Z > @lva/db@0.1.0 typecheck /home/runner/work/iva/iva/packages/db
2026-08-12T17:20:40.6417880Z > tsc --noEmit
2026-08-12T17:20:40.6418143Z 
2026-08-12T17:20:40.6420980Z ##[error]src/index.ts(1,10): error TS2305: Module '"@prisma/client"' has no exported member 'PrismaClient'.
2026-08-12T17:20:40.6423355Z  ELIFECYCLE  Command failed with exit code 2.
2026-08-12T17:20:40.8063030Z ##[group]@lva/auth:typecheck
2026-08-12T17:20:40.8063419Z cache miss, executing f9843accece512a3
2026-08-12T17:20:40.8063581Z 
2026-08-12T17:20:40.8063791Z > @lva/auth@0.1.0 typecheck /home/runner/work/iva/iva/packages/auth
2026-08-12T17:20:40.8064080Z > tsc --noEmit
2026-08-12T17:20:40.8064176Z 
2026-08-12T17:20:40.8064383Z ##[endgroup]
2026-08-12T17:20:40.8074217Z ##[group]@lva/config:typecheck
2026-08-12T17:20:40.8074599Z cache miss, executing 05064d53a9658f8d
2026-08-12T17:20:40.8074798Z 
2026-08-12T17:20:40.8075022Z > @lva/config@0.1.0 typecheck /home/runner/work/iva/iva/packages/config
2026-08-12T17:20:40.8075323Z > tsc --noEmit
2026-08-12T17:20:40.8075425Z 
2026-08-12T17:20:40.8075638Z ##[endgroup]
2026-08-12T17:20:40.8088888Z ##[error]command (/home/runner/work/iva/iva/packages/db) /home/runner/setup-pnpm/node_modules/.bin/pnpm run typecheck exited (2)
2026-08-12T17:20:40.8091308Z @lva/db#typecheck:  ERROR  command (/home/runner/work/iva/iva/packages/db) /home/runner/setup-pnpm/node_modules/.bin/pnpm run typecheck exited (2)
2026-08-12T17:20:40.8091874Z 
2026-08-12T17:20:40.8092035Z  Tasks:    6 successful, 9 total
2026-08-12T17:20:40.8092287Z Cached:    0 cached, 9 total
2026-08-12T17:20:40.8092496Z   Time:    4.549s 
2026-08-12T17:20:40.8092693Z Failed:    @lva/db#typecheck
2026-08-12T17:20:40.8092812Z 
2026-08-12T17:20:40.8092954Z  ERROR  run failed: command  exited (2)
2026-08-12T17:20:40.8151946Z  ELIFECYCLE  Command failed with exit code 2.
2026-08-12T17:20:40.8309520Z ##[error]Process completed with exit code 2.
2026-08-12T17:20:40.8371440Z Node 20 is being deprecated. This workflow is running with Node 24 by default. If you need to temporarily use Node 20, you can set the ACTIONS_ALLOW_USE_UNSECURE_NODE_VERSION=true environment variable. For more information see: https://github.blog/changelog/2025-09-19-deprecation-of-node-20-on-github-actions-runners/
2026-08-12T17:20:40.8372392Z Post job cleanup.
2026-08-12T17:20:40.9074873Z Pruning is unnecessary.
2026-08-12T17:20:40.9170410Z Node 20 is being deprecated. This workflow is running with Node 24 by default. If you need to temporarily use Node 20, you can set the ACTIONS_ALLOW_USE_UNSECURE_NODE_VERSION=true environment variable. For more information see: https://github.blog/changelog/2025-09-19-deprecation-of-node-20-on-github-actions-runners/
2026-08-12T17:20:40.9171564Z Post job cleanup.
2026-08-12T17:20:40.9731058Z (node:3057) [DEP0040] DeprecationWarning: The `punycode` module is deprecated. Please use a userland alternative instead.
2026-08-12T17:20:40.9732046Z (Use `node --trace-deprecation ...` to show where the warning was created)
2026-08-12T17:20:40.9756613Z [command]/usr/bin/git version
2026-08-12T17:20:40.9787730Z git version 2.54.0
2026-08-12T17:20:40.9816125Z Temporarily overriding HOME='/home/runner/work/_temp/5a95d309-52c5-4984-bec0-3a4a6433545c' before making global git config changes
2026-08-12T17:20:40.9817267Z Adding repository directory to the temporary git global config as a safe directory
2026-08-12T17:20:40.9820124Z [command]/usr/bin/git config --global --add safe.directory /home/runner/work/iva/iva
2026-08-12T17:20:40.9849000Z [command]/usr/bin/git config --local --name-only --get-regexp core\.sshCommand
2026-08-12T17:20:40.9876110Z [command]/usr/bin/git submodule foreach --recursive sh -c "git config --local --name-only --get-regexp 'core\.sshCommand' && git config --local --unset-all 'core.sshCommand' || :"
2026-08-12T17:20:41.0064361Z [command]/usr/bin/git config --local --name-only --get-regexp http\.https\:\/\/github\.com\/\.extraheader
2026-08-12T17:20:41.0081650Z http.https://github.com/.extraheader
2026-08-12T17:20:41.0088657Z [command]/usr/bin/git config --local --unset-all http.https://github.com/.extraheader
2026-08-12T17:20:41.0113827Z [command]/usr/bin/git submodule foreach --recursive sh -c "git config --local --name-only --get-regexp 'http\.https\:\/\/github\.com\/\.extraheader' && git config --local --unset-all 'http.https://github.com/.extraheader' || :"
2026-08-12T17:20:41.0403050Z Cleaning up orphan processes
2026-08-12T17:20:41.0654052Z ##[warning]Node.js 20 is deprecated. The following actions target Node.js 20 but are being forced to run on Node.js 24: actions/checkout@v3, actions/setup-node@v3, pnpm/action-setup@v2. For more information see: https://github.blog/changelog/2025-09-19-deprecation-of-node-20-on-github-actions-runners/
